
Allocating common symbols
Common symbol       size              file

environ             0x8               /usr/lib/crt1.o

Discarded input sections

 .note.GNU-stack
                0x0000000000000000        0x0 /usr/lib/crt1.o
 .note.GNU-stack
                0x0000000000000000        0x0 /usr/lib/crti.o
 .note.GNU-stack
                0x0000000000000000        0x0 /usr/lib/crtbegin.o
 .note.GNU-stack
                0x0000000000000000        0x0 /tmp//ccqW1lWL.o
 .note.GNU-stack
                0x0000000000000000        0x0 /usr/lib/crtend.o
 .note.GNU-stack
                0x0000000000000000        0x0 /usr/lib/crtn.o

Memory Configuration

Name             Origin             Length             Attributes
*default*        0x0000000000000000 0xffffffffffffffff

Linker script and memory map

LOAD /usr/lib/crt1.o
LOAD /usr/lib/crti.o
LOAD /usr/lib/crtbegin.o
LOAD /tmp//ccqW1lWL.o
LOAD /usr/lib/libgcc.a
LOAD /usr/lib/libgcc_s.so
LOAD /usr/lib/libc.so
LOAD /usr/lib/libgcc.a
LOAD /usr/lib/libgcc_s.so
LOAD /usr/lib/crtend.o
LOAD /usr/lib/crtn.o
                0x0000000000400000                PROVIDE (__executable_start, 0x400000)
                0x0000000000400200                . = (0x400000 + SIZEOF_HEADERS)

.interp         0x0000000000400200       0x15
 *(.interp)
 .interp        0x0000000000400200       0x15 /usr/lib/crt1.o

.note.ABI-tag   0x0000000000400218       0x18
 .note.ABI-tag  0x0000000000400218       0x18 /usr/lib/crt1.o

.hash           0x0000000000400230       0x40
 *(.hash)
 .hash          0x0000000000400230       0x40 /usr/lib/crt1.o

.gnu.hash       0x0000000000400270       0x30
 *(.gnu.hash)
 .gnu.hash      0x0000000000400270       0x30 /usr/lib/crt1.o

.dynsym         0x00000000004002a0      0x108
 *(.dynsym)
 .dynsym        0x00000000004002a0      0x108 /usr/lib/crt1.o

.dynstr         0x00000000004003a8       0x65
 *(.dynstr)
 .dynstr        0x00000000004003a8       0x65 /usr/lib/crt1.o

.gnu.version    0x000000000040040e       0x16
 *(.gnu.version)
 .gnu.version   0x000000000040040e       0x16 /usr/lib/crt1.o

.gnu.version_d  0x0000000000400428        0x0 load address 0x0000000000400424
 *(.gnu.version_d)
 .gnu.version_d
                0x0000000000000000        0x0 /usr/lib/crt1.o

.gnu.version_r  0x0000000000400428       0x20
 *(.gnu.version_r)
 .gnu.version_r
                0x0000000000400428       0x20 /usr/lib/crt1.o

.rel.dyn
 *(.rel.init)
 *(.rel.text .rel.text.* .rel.gnu.linkonce.t.*)
 *(.rel.fini)
 *(.rel.rodata .rel.rodata.* .rel.gnu.linkonce.r.*)
 *(.rel.data.rel.ro* .rel.gnu.linkonce.d.rel.ro.*)
 *(.rel.data .rel.data.* .rel.gnu.linkonce.d.*)
 *(.rel.tdata .rel.tdata.* .rel.gnu.linkonce.td.*)
 *(.rel.tbss .rel.tbss.* .rel.gnu.linkonce.tb.*)
 *(.rel.ctors)
 *(.rel.dtors)
 *(.rel.got)
 *(.rel.bss .rel.bss.* .rel.gnu.linkonce.b.*)
 *(.rel.ldata .rel.ldata.* .rel.gnu.linkonce.l.*)
 *(.rel.lbss .rel.lbss.* .rel.gnu.linkonce.lb.*)
 *(.rel.lrodata .rel.lrodata.* .rel.gnu.linkonce.lr.*)

.rela.dyn       0x0000000000400448        0x0
 *(.rela.init)
 *(.rela.text .rela.text.* .rela.gnu.linkonce.t.*)
 .rela.text     0x0000000000000000        0x0 /usr/lib/crt1.o
 *(.rela.fini)
 *(.rela.rodata .rela.rodata.* .rela.gnu.linkonce.r.*)
 *(.rela.data .rela.data.* .rela.gnu.linkonce.d.*)
 *(.rela.tdata .rela.tdata.* .rela.gnu.linkonce.td.*)
 *(.rela.tbss .rela.tbss.* .rela.gnu.linkonce.tb.*)
 *(.rela.ctors)
 *(.rela.dtors)
 *(.rela.got)
 .rela.got      0x0000000000000000        0x0 /usr/lib/crt1.o
 *(.rela.bss .rela.bss.* .rela.gnu.linkonce.b.*)
 .rela.bss      0x0000000000000000        0x0 /usr/lib/crt1.o
 *(.rela.ldata .rela.ldata.* .rela.gnu.linkonce.l.*)
 *(.rela.lbss .rela.lbss.* .rela.gnu.linkonce.lb.*)
 *(.rela.lrodata .rela.lrodata.* .rela.gnu.linkonce.lr.*)

.rel.plt
 *(.rel.plt)

.rela.plt       0x0000000000400448       0x90
 *(.rela.plt)
 .rela.plt      0x0000000000400448       0x90 /usr/lib/crt1.o

.init           0x00000000004004d8       0x13
 *(.init)
 .init          0x00000000004004d8        0x4 /usr/lib/crti.o
                0x00000000004004d8                _init
 .init          0x00000000004004dc        0x5 /usr/lib/crtbegin.o
 .init          0x00000000004004e1        0x5 /usr/lib/crtend.o
 .init          0x00000000004004e6        0x5 /usr/lib/crtn.o

.plt            0x00000000004004ec       0x70
 *(.plt)
 .plt           0x00000000004004ec       0x70 /usr/lib/crt1.o
                0x00000000004004fc                printf@@FBSD_1.0
                0x000000000040050c                atexit@@FBSD_1.0
                0x000000000040051c                _init_tls@@FBSD_1.0
                0x000000000040052c                putchar@@FBSD_1.0
                0x000000000040053c                exit@@FBSD_1.0
                0x000000000040054c                puts@@FBSD_1.0

.text           0x0000000000400560      0x378
 *(.text .stub .text.* .gnu.linkonce.t.*)
 .text          0x0000000000400560       0x98 /usr/lib/crt1.o
                0x0000000000400560                _start
 .text          0x00000000004005f8        0x0 /usr/lib/crti.o
 *fill*         0x00000000004005f8        0x8 90909090
 .text          0x0000000000400600       0x62 /usr/lib/crtbegin.o
 *fill*         0x0000000000400662        0xe 90909090
 .text          0x0000000000400670      0x226 /tmp//ccqW1lWL.o
                0x00000000004007d0                transformMatrix
                0x0000000000400870                bimod
                0x0000000000400670                main
 *fill*         0x0000000000400896        0xa 90909090
 .text          0x00000000004008a0       0x36 /usr/lib/crtend.o
 *fill*         0x00000000004008d6        0x2 90909090
 .text          0x00000000004008d8        0x0 /usr/lib/crtn.o
 *(.text.*personality*)
 *(.gnu.warning)

.fini           0x00000000004008d8        0xe
 *(.fini)
 .fini          0x00000000004008d8        0x4 /usr/lib/crti.o
                0x00000000004008d8                _fini
 .fini          0x00000000004008dc        0x5 /usr/lib/crtbegin.o
 .fini          0x00000000004008e1        0x5 /usr/lib/crtn.o
                0x00000000004008e6                PROVIDE (__etext, .)
                0x00000000004008e6                PROVIDE (_etext, .)
                0x00000000004008e6                PROVIDE (etext, .)

.rodata         0x00000000004008e6       0x3c
 *(.rodata .rodata.* .gnu.linkonce.r.*)
 .rodata.str1.1
                0x00000000004008e6        0x1 /usr/lib/crt1.o
 .rodata        0x00000000004008e7       0x3b /tmp//ccqW1lWL.o

.rodata1
 *(.rodata1)

.eh_frame_hdr   0x0000000000400924       0x2c
 *(.eh_frame_hdr)
 .eh_frame_hdr  0x0000000000400924       0x2c /usr/lib/crt1.o

.eh_frame       0x0000000000400950       0xb4
 *(.eh_frame)
 .eh_frame      0x0000000000400950       0x38 /usr/lib/crt1.o
 .eh_frame      0x0000000000400988       0x78 /tmp//ccqW1lWL.o
 .eh_frame      0x0000000000400a00        0x4 /usr/lib/crtend.o

.gcc_except_table
 *(.gcc_except_table .gcc_except_table.*)
                0x0000000000400a04                . = (ALIGN (0x200000) - ((0x200000 - .) & 0x1fffff))
                0x0000000000600a04                . = (0x200000 DATA_SEGMENT_ALIGN 0x1000)

.eh_frame
 *(.eh_frame)

.gcc_except_table
 *(.gcc_except_table .gcc_except_table.*)

.tdata
 *(.tdata .tdata.* .gnu.linkonce.td.*)

.tbss
 *(.tbss .tbss.* .gnu.linkonce.tb.*)
 *(.tcommon)

.preinit_array  0x0000000000600a04        0x0
                0x0000000000600a04                PROVIDE (__preinit_array_start, .)
 *(.preinit_array)
                0x0000000000600a04                PROVIDE (__preinit_array_end, .)

.init_array     0x0000000000600a04        0x0
                0x0000000000600a04                PROVIDE (__init_array_start, .)
 *(SORT(.init_array.*))
 *(.init_array)
                0x0000000000600a04                PROVIDE (__init_array_end, .)

.fini_array     0x0000000000600a04        0x0
                0x0000000000600a04                PROVIDE (__fini_array_start, .)
 *(.fini_array)
 *(SORT(.fini_array.*))
                0x0000000000600a04                PROVIDE (__fini_array_end, .)

.ctors          0x0000000000600a08       0x10
 *crtbegin.o(.ctors)
 .ctors         0x0000000000600a08        0x8 /usr/lib/crtbegin.o
 *crtbegin?.o(.ctors)
 *(EXCLUDE_FILE(*crtend?.o *crtend.o) .ctors)
 *(SORT(.ctors.*))
 *(.ctors)
 .ctors         0x0000000000600a10        0x8 /usr/lib/crtend.o

.dtors          0x0000000000600a18       0x10
 *crtbegin.o(.dtors)
 .dtors         0x0000000000600a18        0x8 /usr/lib/crtbegin.o
 *crtbegin?.o(.dtors)
 *(EXCLUDE_FILE(*crtend?.o *crtend.o) .dtors)
 *(SORT(.dtors.*))
 *(.dtors)
 .dtors         0x0000000000600a20        0x8 /usr/lib/crtend.o

.jcr            0x0000000000600a28        0x8
 *(.jcr)
 .jcr           0x0000000000600a28        0x0 /usr/lib/crtbegin.o
 .jcr           0x0000000000600a28        0x8 /usr/lib/crtend.o

.data.rel.ro
 *(.data.rel.ro.local* .gnu.linkonce.d.rel.ro.local.*)
 *(.data.rel.ro* .gnu.linkonce.d.rel.ro.*)

.dynamic        0x0000000000600a30      0x170
 *(.dynamic)
 .dynamic       0x0000000000600a30      0x170 /usr/lib/crt1.o
                0x0000000000600a30                _DYNAMIC

.got            0x0000000000600ba0        0x0
 *(.got)
 .got           0x0000000000000000        0x0 /usr/lib/crt1.o
                0x0000000000000000                . = (. DATA_SEGMENT_RELRO_END 0x18)

.got.plt        0x0000000000600ba0       0x48
 *(.got.plt)
 .got.plt       0x0000000000600ba0       0x48 /usr/lib/crt1.o
                0x0000000000600ba0                _GLOBAL_OFFSET_TABLE_

.data           0x0000000000600be8       0x1c
 *(.data .data.* .gnu.linkonce.d.*)
 .data          0x0000000000600be8        0x8 /usr/lib/crt1.o
                0x0000000000600be8                __progname
 .data          0x0000000000600bf0        0x0 /usr/lib/crti.o
 .data          0x0000000000600bf0       0x11 /usr/lib/crtbegin.o
                0x0000000000600bf0                __dso_handle
 *fill*         0x0000000000600c01        0x3 00
 .data          0x0000000000600c04        0x0 /tmp//ccqW1lWL.o
 .data          0x0000000000600c04        0x0 /usr/lib/crtend.o
 .data          0x0000000000600c04        0x0 /usr/lib/crtn.o
 *(.gnu.linkonce.d.*personality*)

.data1
 *(.data1)
                0x0000000000600c04                _edata = .
                0x0000000000600c04                PROVIDE (edata, .)
                0x0000000000600c04                __bss_start = .

.bss            0x0000000000600c08        0x8
 *(.dynbss)
 .dynbss        0x0000000000000000        0x0 /usr/lib/crt1.o
 *(.bss .bss.* .gnu.linkonce.b.*)
 .bss           0x0000000000600c08        0x0 /usr/lib/crt1.o
 .bss           0x0000000000600c08        0x0 /usr/lib/crti.o
 .bss           0x0000000000600c08        0x0 /usr/lib/crtbegin.o
 .bss           0x0000000000600c08        0x0 /tmp//ccqW1lWL.o
 .bss           0x0000000000600c08        0x0 /usr/lib/crtend.o
 .bss           0x0000000000600c08        0x0 /usr/lib/crtn.o
 *(COMMON)
 COMMON         0x0000000000600c08        0x8 /usr/lib/crt1.o
                0x0000000000600c08                environ
                0x0000000000600c10                . = ALIGN ((. != 0x0)?0x8:0x1)

.lbss
 *(.dynlbss)
 *(.lbss .lbss.* .gnu.linkonce.lb.*)
 *(LARGE_COMMON)
                0x0000000000600c10                . = ALIGN (0x8)

.lrodata
 *(.lrodata .lrodata.* .gnu.linkonce.lr.*)

.ldata          0x0000000000a00c10        0x0
 *(.ldata .ldata.* .gnu.linkonce.l.*)
                0x0000000000a00c10                . = ALIGN ((. != 0x0)?0x8:0x1)
                0x0000000000a00c10                . = ALIGN (0x8)
                0x0000000000a00c10                _end = .
                0x0000000000a00c10                PROVIDE (end, .)
                0x0000000000a00c10                . = DATA_SEGMENT_END (.)

.stab
 *(.stab)

.stabstr
 *(.stabstr)

.stab.excl
 *(.stab.excl)

.stab.exclstr
 *(.stab.exclstr)

.stab.index
 *(.stab.index)

.stab.indexstr
 *(.stab.indexstr)

.comment        0x0000000000000000      0x1a3
 *(.comment)
 .comment       0x0000000000000000       0xe2 /usr/lib/crt1.o
                                         0xe3 (size before relaxing)
 .comment       0x00000000000000e2       0x4a /usr/lib/crti.o
                                         0x4b (size before relaxing)
 .comment       0x0000000000000000       0x4a /usr/lib/crtbegin.o
 .comment       0x000000000000012c       0x2d /tmp//ccqW1lWL.o
 .comment       0x0000000000000000       0x4a /usr/lib/crtend.o
 .comment       0x0000000000000159       0x4a /usr/lib/crtn.o
                                         0x4b (size before relaxing)

.debug
 *(.debug)

.line
 *(.line)

.debug_srcinfo
 *(.debug_srcinfo)

.debug_sfnames
 *(.debug_sfnames)

.debug_aranges
 *(.debug_aranges)

.debug_pubnames
 *(.debug_pubnames)

.debug_info
 *(.debug_info .gnu.linkonce.wi.*)

.debug_abbrev
 *(.debug_abbrev)

.debug_line
 *(.debug_line)

.debug_frame
 *(.debug_frame)

.debug_str
 *(.debug_str)

.debug_loc
 *(.debug_loc)

.debug_macinfo
 *(.debug_macinfo)

.debug_weaknames
 *(.debug_weaknames)

.debug_funcnames
 *(.debug_funcnames)

.debug_typenames
 *(.debug_typenames)

.debug_varnames
 *(.debug_varnames)

.debug_pubtypes
 *(.debug_pubtypes)

.debug_ranges
 *(.debug_ranges)

.gnu.attributes
 *(.gnu.attributes)

/DISCARD/
 *(.note.GNU-stack)
OUTPUT(a.out elf64-x86-64-freebsd)
